exports[`test TileTrending snapshot test 1`] = `
<div
  className="outer">
  <div
    className="buy">
    <a
      href="javascript:;">
      UP
    </a>
  </div>
  <div
    className="inner">
    <a
      href="livingroom.html"
      target="_blank">
      <h2 />
      <h2>
        %
      </h2>
      <h3>
         days
      </h3>
    </a>
  </div>
  <div
    className="sell">
    <a
      href="javascript:;">
      DOWN
    </a>
  </div>
</div>
`;
